[INFO] Counting elements in junifer_jobs/CYBERSART_features/elements
[INFO] Submitting array 0-165 (166 elements)
++ sbatch --array=0-165 --cpus-per-task=4 --mem=8G --time=08:00:00 junifer_markers/1.markers_h5_creation/slurm_array_junifer.sh
++ awk '{print $4}'
+ JOB_ID=1131509
+ set +x
[INFO] Submitted array job: 1131509
[INFO] Submitting collection job to run after array completes...
++ awk '{print $4}'
++ sbatch --dependency=afterok:1131509 --job-name=CYBERSART_features_collect --output=/network/iss/home/nicolas.bruno/Junifer/logs/CYBERSART_features_collect_%j.out --error=/network/iss/home/nicolas.bruno/Junifer/logs/CYBERSART_features_collect_%j.err --cpus-per-task=4 --mem=16G --time=02:00:00 '--wrap=cd /network/iss/home/nicolas.bruno/Junifer/junifer_jobs/CYBERSART_features && export PYTHONPATH=/network/iss/home/nicolas.bruno/Junifer:${PYTHONPATH:-} && zsh /network/iss/home/nicolas.bruno/Junifer/junifer_jobs/CYBERSART_features/collect_CYBERSART_features.sh'
+ COLLECT_JOB_ID=1131510
+ set +x
[INFO] Collection job 1131510 will run automatically after array job 1131509 completes
[INFO] Submitting PKL creation job to run after collection completes...
++ awk '{print $4}'
++ sbatch --dependency=afterok:1131510 --job-name=CYBERSART_features_pkl --output=/network/iss/home/nicolas.bruno/Junifer/logs/CYBERSART_features_pkl_%j.out --error=/network/iss/home/nicolas.bruno/Junifer/logs/CYBERSART_features_pkl_%j.err junifer_markers/2.h5_to_pkl/batch_create_pkl.sh
+ PKL_JOB_ID=1131511
+ set +x
[INFO] PKL creation job 1131511 will run automatically after collection job 1131510 completes
[INFO] Full pipeline chain: 1131509 (array) → 1131510 (collect) → 1131511 (pkl)
